#-----------------------------------------------------------
# Vivado v2020.2 (64-bit)
# SW Build 3064766 on Wed Nov 18 09:12:45 MST 2020
# IP Build 3064653 on Wed Nov 18 14:17:31 MST 2020
# Start of session at: Tue Mar  3 20:31:26 2026
# Process ID: 24004
# Current directory: C:/imgProc/attempt3lol/hdmi_input
# Command line: vivado.exe -gui_launcher_event rodinguilauncherevent27624 C:\imgProc\attempt3lol\hdmi_input\hdmi_input.xpr
# Log file: C:/imgProc/attempt3lol/hdmi_input/vivado.log
# Journal file: C:/imgProc/attempt3lol/hdmi_input\vivado.jou
#-----------------------------------------------------------
start_gui
open_project C:/imgProc/attempt3lol/hdmi_input/hdmi_input.xpr
open_bd_design {C:/imgProc/attempt3lol/hdmi_input/hdmi_input.srcs/sources_1/bd/hdmi_in_bd/hdmi_in_bd.bd}
update_compile_order -fileset sources_1
startgroup
create_bd_cell -type ip -vlnv xilinx.com:hls:image_accelerator:1.0 image_accelerator_0
endgroup
startgroup
create_bd_cell -type ip -vlnv xilinx.com:ip:axi_vdma:6.3 axi_vdma_1
endgroup
set_property -dict [list CONFIG.c_mm2s_genlock_mode {0} CONFIG.c_s2mm_linebuffer_depth {8192} CONFIG.c_include_mm2s {0} CONFIG.c_s2mm_max_burst_length {256}] [get_bd_cells axi_vdma_1]
startgroup
create_bd_cell -type ip -vlnv xilinx.com:ip:axis_broadcaster:1.1 axis_broadcaster_0
endgroup
delete_bd_objs [get_bd_intf_nets v_vid_in_axi4s_0_video_out]
connect_bd_intf_net [get_bd_intf_pins axis_broadcaster_0/M00_AXIS] [get_bd_intf_pins axi_vdma_0/S_AXIS_S2MM]
connect_bd_intf_net [get_bd_intf_pins axis_broadcaster_0/M01_AXIS] [get_bd_intf_pins image_accelerator_0/video_in]
connect_bd_intf_net [get_bd_intf_pins v_vid_in_axi4s_0/video_out] [get_bd_intf_pins axis_broadcaster_0/S_AXIS]
connect_bd_intf_net [get_bd_intf_pins axi_vdma_1/M_AXI_S2MM] -boundary_type upper [get_bd_intf_pins axi_mem_intercon/S01_AXI]
startgroup
set_property -dict [list CONFIG.NUM_MI {2}] [get_bd_cells axi_mem_intercon]
endgroup
undo
delete_bd_objs [get_bd_intf_nets axi_vdma_1_M_AXI_S2MM]
connect_bd_intf_net [get_bd_intf_pins image_accelerator_0/video_out] [get_bd_intf_pins axi_vdma_1/S_AXIS_S2MM]
startgroup
set_property -dict [list CONFIG.PCW_USE_S_AXI_HP1 {1}] [get_bd_cells processing_system7_0]
endgroup
undo
startgroup
set_property -dict [list CONFIG.PCW_USE_S_AXI_HP1 {1}] [get_bd_cells processing_system7_0]
endgroup
connect_bd_intf_net [get_bd_intf_pins axi_vdma_1/M_AXI_S2MM] -boundary_type upper [get_bd_intf_pins axi_mem_intercon/S01_AXI]
delete_bd_objs [get_bd_intf_nets axi_vdma_0_M_AXI_S2MM]
startgroup
create_bd_cell -type ip -vlnv xilinx.com:ip:axi_interconnect:2.1 axi_interconnect_0
endgroup
startgroup
set_property -dict [list CONFIG.NUM_SI {1} CONFIG.NUM_MI {1}] [get_bd_cells axi_mem_intercon]
delete_bd_objs [get_bd_intf_nets axi_vdma_1_M_AXI_S2MM]
endgroup
undo
undo
undo
undo
undo
undo
undo
undo
undo
undo
undo
undo
undo
undo
undo
undo
redo
set_property location {3.5 1314 784} [get_bd_cells image_accelerator_0]
startgroup
set_property -dict [list CONFIG.NUM_SI {1} CONFIG.NUM_MI {1}] [get_bd_cells axi_mem_intercon]
endgroup
startgroup
create_bd_cell -type ip -vlnv xilinx.com:ip:axi_vdma:6.3 axi_vdma_1
endgroup
set_property location {6 2013 791} [get_bd_cells axi_vdma_1]
startgroup
create_bd_cell -type ip -vlnv xilinx.com:ip:axi_interconnect:2.1 axi_interconnect_0
endgroup
set_property location {6 1972 726} [get_bd_cells axi_interconnect_0]
delete_bd_objs [get_bd_cells axi_interconnect_0]
startgroup
create_bd_cell -type ip -vlnv xilinx.com:ip:axis_interconnect:2.1 axis_interconnect_0
endgroup
delete_bd_objs [get_bd_cells axis_interconnect_0]
startgroup
create_bd_cell -type ip -vlnv xilinx.com:ip:axi_interconnect:2.1 axi_interconnect_0
endgroup
set_property -dict [list CONFIG.NUM_MI {1}] [get_bd_cells axi_interconnect_0]
startgroup
create_bd_cell -type ip -vlnv xilinx.com:ip:axis_broadcaster:1.1 axis_broadcaster_0
endgroup
set_property location {4 1377 976} [get_bd_cells image_accelerator_0]
set_property location {4 1332 805} [get_bd_cells axis_broadcaster_0]
startgroup
set_property -dict [list CONFIG.PCW_USE_S_AXI_HP1 {1}] [get_bd_cells processing_system7_0]
endgroup
connect_bd_net [get_bd_pins processing_system7_0/FCLK_CLK0] [get_bd_pins processing_system7_0/S_AXI_HP1_ACLK]
connect_bd_intf_net -boundary_type upper [get_bd_intf_pins axi_interconnect_0/M00_AXI] [get_bd_intf_pins processing_system7_0/S_AXI_HP1]
connect_bd_net [get_bd_pins axi_interconnect_0/ACLK] [get_bd_pins processing_system7_0/FCLK_CLK0]
connect_bd_net [get_bd_pins axi_interconnect_0/S00_ACLK] [get_bd_pins processing_system7_0/FCLK_CLK0]
connect_bd_net [get_bd_pins axi_interconnect_0/M00_ACLK] [get_bd_pins processing_system7_0/FCLK_CLK0]
connect_bd_net [get_bd_pins axi_interconnect_0/ARESETN] [get_bd_pins proc_sys_reset_0/peripheral_aresetn]
connect_bd_net [get_bd_pins axi_interconnect_0/S00_ARESETN] [get_bd_pins proc_sys_reset_0/peripheral_aresetn]
connect_bd_net [get_bd_pins axi_interconnect_0/M00_ARESETN] [get_bd_pins proc_sys_reset_0/peripheral_aresetn]
set_property -dict [list CONFIG.c_mm2s_genlock_mode {0} CONFIG.c_include_mm2s {0}] [get_bd_cells axi_vdma_1]
set_property -dict [list CONFIG.c_s2mm_linebuffer_depth {8192} CONFIG.c_s2mm_max_burst_length {256}] [get_bd_cells axi_vdma_1]
