

================================================================
== Vitis HLS Report for 'CoreProcessUpArea'
================================================================
* Date:           Mon Mar  9 12:23:57 2026

* Version:        2020.2 (Build 3064766 on Wed Nov 18 09:12:45 MST 2020)
* Project:        accel_downscale
* Solution:       solution1 (Vivado IP Flow Target)
* Product family: zynq
* Target device:  xc7z020-clg400-1


================================================================
== Performance Estimates
================================================================
+ Timing: 
    * Summary: 
    +--------+----------+----------+------------+
    |  Clock |  Target  | Estimated| Uncertainty|
    +--------+----------+----------+------------+
    |ap_clk  |  10.00 ns|  6.912 ns|     2.70 ns|
    +--------+----------+----------+------------+

+ Latency: 
    * Summary: 
    +---------+---------+-----------+-----------+-----+-----+---------+
    |  Latency (cycles) |   Latency (absolute)  |  Interval | Pipeline|
    |   min   |   max   |    min    |    max    | min | max |   Type  |
    +---------+---------+-----------+-----------+-----+-----+---------+
    |        5|        5|  50.000 ns|  50.000 ns|    1|    1|      yes|
    +---------+---------+-----------+-----------+-----+-----+---------+

    + Detail: 
        * Instance: 
        N/A

        * Loop: 
        N/A



================================================================
== Utilization Estimates
================================================================
* Summary: 
+-----------------+---------+-----+--------+-------+-----+
|       Name      | BRAM_18K| DSP |   FF   |  LUT  | URAM|
+-----------------+---------+-----+--------+-------+-----+
|DSP              |        -|    -|       -|      -|    -|
|Expression       |        -|    -|       0|    249|    -|
|FIFO             |        -|    -|       -|      -|    -|
|Instance         |        -|    0|     660|    200|    -|
|Memory           |        -|    -|       -|      -|    -|
|Multiplexer      |        -|    -|       -|      9|    -|
|Register         |        -|    -|     589|     32|    -|
+-----------------+---------+-----+--------+-------+-----+
|Total            |        0|    0|    1249|    490|    0|
+-----------------+---------+-----+--------+-------+-----+
|Available        |      280|  220|  106400|  53200|    0|
+-----------------+---------+-----+--------+-------+-----+
|Utilization (%)  |        0|    0|       1|     ~0|    0|
+-----------------+---------+-----+--------+-------+-----+

+ Detail: 
    * Instance: 
    +--------------------------+----------------------+---------+----+-----+----+-----+
    |         Instance         |        Module        | BRAM_18K| DSP|  FF | LUT| URAM|
    +--------------------------+----------------------+---------+----+-----+----+-----+
    |mul_32ns_10s_40_2_0_U69   |mul_32ns_10s_40_2_0   |        0|   0|  165|  50|    0|
    |mul_32ns_32ns_64_2_0_U68  |mul_32ns_32ns_64_2_0  |        0|   0|  165|  50|    0|
    |mul_32ns_9s_40_2_0_U70    |mul_32ns_9s_40_2_0    |        0|   0|  165|  50|    0|
    |mul_32ns_9s_40_2_0_U71    |mul_32ns_9s_40_2_0    |        0|   0|  165|  50|    0|
    +--------------------------+----------------------+---------+----+-----+----+-----+
    |Total                     |                      |        0|   0|  660| 200|    0|
    +--------------------------+----------------------+---------+----+-----+----+-----+

    * DSP: 
    N/A

    * Memory: 
    N/A

    * FIFO: 
    N/A

    * Expression: 
    +----------------------+----------+----+---+----+------------+------------+
    |     Variable Name    | Operation| DSP| FF| LUT| Bitwidth P0| Bitwidth P1|
    +----------------------+----------+----+---+----+------------+------------+
    |add_ln52_1_fu_181_p2  |         +|   0|  0|  47|          40|          40|
    |add_ln52_2_fu_197_p2  |         +|   0|  0|  40|          40|          40|
    |add_ln52_fu_192_p2    |         +|   0|  0|  40|          40|          40|
    |val0_fu_117_p2        |         +|   0|  0|  40|          10|          10|
    |sub_ln43_1_fu_111_p2  |         -|   0|  0|  40|          10|          10|
    |sub_ln43_fu_101_p2    |         -|   0|  0|  14|           9|           9|
    |val1_fu_123_p2        |         -|   0|  0|  14|           9|           9|
    |val2_fu_129_p2        |         -|   0|  0|  14|           9|           9|
    +----------------------+----------+----+---+----+------------+------------+
    |Total                 |          |   0|  0| 249|         167|         167|
    +----------------------+----------+----+---+----+------------+------------+

    * Multiplexer: 
    +-----------+----+-----------+-----+-----------+
    |    Name   | LUT| Input Size| Bits| Total Bits|
    +-----------+----+-----------+-----+-----------+
    |ap_return  |   9|          2|    8|         16|
    +-----------+----+-----------+-----+-----------+
    |Total      |   9|          2|    8|         16|
    +-----------+----+-----------+-----+-----------+

    * Register: 
    +----------------------------------+----+----+-----+-----------+
    |               Name               | FF | LUT| Bits| Const Bits|
    +----------------------------------+----+----+-----+-----------+
    |A0_int_reg                        |   8|   0|    8|          0|
    |A0_read_reg_238                   |   8|   0|    8|          0|
    |A1_int_reg                        |   8|   0|    8|          0|
    |A1_read_reg_227                   |   8|   0|    8|          0|
    |B0_int_reg                        |   8|   0|    8|          0|
    |B0_read_reg_233                   |   8|   0|    8|          0|
    |B1_int_reg                        |   8|   0|    8|          0|
    |B1_read_reg_222                   |   8|   0|    8|          0|
    |Wx_int_reg                        |  32|   0|   32|          0|
    |Wx_read_reg_217                   |  32|   0|   32|          0|
    |Wx_read_reg_217_pp0_iter1_reg     |  32|   0|   32|          0|
    |Wy_int_reg                        |  32|   0|   32|          0|
    |Wy_read_reg_212                   |  32|   0|   32|          0|
    |Wy_read_reg_212_pp0_iter1_reg     |  32|   0|   32|          0|
    |add_ln52_1_reg_319                |  40|   0|   40|          0|
    |ap_ce_reg                         |   1|   0|    1|          0|
    |ap_return_int_reg                 |   8|   0|    8|          0|
    |mul_ln40_1_reg_309                |  40|   0|   40|          0|
    |mul_ln40_1_reg_309_pp0_iter4_reg  |  40|   0|   40|          0|
    |mul_ln40_2_reg_314                |  40|   0|   40|          0|
    |mul_ln40_reg_304                  |  40|   0|   40|          0|
    |trunc_ln_reg_269                  |  32|   0|   32|          0|
    |val0_reg_254                      |  10|   0|   10|          0|
    |val1_reg_259                      |   9|   0|    9|          0|
    |val2_reg_264                      |   9|   0|    9|          0|
    |A0_read_reg_238                   |  64|  32|    8|          0|
    +----------------------------------+----+----+-----+-----------+
    |Total                             | 589|  32|  533|          0|
    +----------------------------------+----+----+-----+-----------+



================================================================
== Interface
================================================================
* Summary: 
+-----------+-----+-----+------------+-------------------+--------------+
| RTL Ports | Dir | Bits|  Protocol  |   Source Object   |    C Type    |
+-----------+-----+-----+------------+-------------------+--------------+
|ap_clk     |   in|    1|  ap_ctrl_hs|  CoreProcessUpArea|  return value|
|ap_rst     |   in|    1|  ap_ctrl_hs|  CoreProcessUpArea|  return value|
|ap_return  |  out|    8|  ap_ctrl_hs|  CoreProcessUpArea|  return value|
|ap_ce      |   in|    1|  ap_ctrl_hs|  CoreProcessUpArea|  return value|
|A0         |   in|    8|     ap_none|                 A0|        scalar|
|B0         |   in|    8|     ap_none|                 B0|        scalar|
|A1         |   in|    8|     ap_none|                 A1|        scalar|
|B1         |   in|    8|     ap_none|                 B1|        scalar|
|Wx         |   in|   32|     ap_none|                 Wx|        scalar|
|Wy         |   in|   32|     ap_none|                 Wy|        scalar|
+-----------+-----+-----+------------+-------------------+--------------+

