

================================================================
== Synthesis Summary Report of 'image_accelerator'
================================================================
+ General Information: 
    * Date:           Mon Mar  9 12:24:05 2026
    * Version:        2020.2 (Build 3064766 on Wed Nov 18 09:12:45 MST 2020)
    * Project:        accel_downscale
    * Solution:       solution1 (Vivado IP Flow Target)
    * Product family: zynq
    * Target device:  xc7z020-clg400-1
    

+ Performance & Resource Estimates: 
    
    PS: '+' for module; 'o' for loop; '*' for dataflow
    +--------------------------------------------------------------------------+------+-------+---------+-----------+----------+---------+------+----------+---------+---------+-----------+-------------+-----+
    |                                  Modules                                 | Issue|       | Latency |  Latency  | Iteration|         | Trip |          |         |         |           |             |     |
    |                                  & Loops                                 | Type | Slack | (cycles)|    (ns)   |  Latency | Interval| Count| Pipelined|  BRAM   |   DSP   |     FF    |     LUT     | URAM|
    +--------------------------------------------------------------------------+------+-------+---------+-----------+----------+---------+------+----------+---------+---------+-----------+-------------+-----+
    |+ image_accelerator*                                                      |     -|  -0.03|  2087118|  2.087e+07|         -|  2087117|     -|  dataflow|   8 (2%)|  13 (5%)|  9920 (9%)|  10602 (19%)|    -|
    | + grp_resize_2_0_1080_1920_270_480_1_4_s_fu_202                          |     -|  -0.03|  2087116|  2.087e+07|         -|  2087116|     -|        no|   8 (2%)|  10 (4%)|  7863 (7%)|   8389 (15%)|    -|
    |  + grp_xFResizeAreaUpScale_1080_1920_1_0_1_1_270_480_1920_480_s_fu_82    |     -|  -0.32|   138743|  1.387e+06|         -|   138743|     -|        no|   7 (2%)|   4 (1%)|  4940 (4%)|    4417 (8%)|    -|
    |   + grp_xFUDivAreaUp_fu_825                                              |     -|  -2.75|       52|    520.000|         -|       52|     -|        no|        -|        -|  686 (~0%)|     591 (1%)|    -|
    |   + grp_CoreProcessUpArea_fu_853                                         |    II|  -0.39|        5|     50.000|         -|        1|     -|       yes|        -|        -|  1249 (1%)|    490 (~0%)|    -|
    |   + line0_0_V_0_xfExtractPixels_1_1_0_s_fu_863                           |    II|  -7.30|        0|      0.000|         -|        1|     -|       yes|        -|        -|          -|            -|    -|
    |   + line0_1_V_0_xfExtractPixels_1_1_0_s_fu_870                           |    II|  -7.30|        0|      0.000|         -|        1|     -|       yes|        -|        -|          -|            -|    -|
    |   + line1_0_V_0_xfExtractPixels_1_1_0_s_fu_877                           |    II|  -7.30|        0|      0.000|         -|        1|     -|       yes|        -|        -|          -|            -|    -|
    |   + line1_1_V_0_xfExtractPixels_1_1_0_s_fu_884                           |    II|  -7.30|        0|      0.000|         -|        1|     -|       yes|        -|        -|          -|            -|    -|
    |   o Hoffset_loop                                                         |     -|  -7.30|      486|  4.860e+03|         8|        1|   480|       yes|        -|        -|          -|            -|    -|
    |   o Voffset_loop                                                         |     -|  -7.30|      276|  2.760e+03|         8|        1|   270|       yes|        -|        -|          -|            -|    -|
    |   o VITIS_LOOP_292_1                                                     |     -|  -7.30|     1920|  1.920e+04|         2|        1|  1920|       yes|        -|        -|          -|            -|    -|
    |   o VITIS_LOOP_302_2                                                     |     -|  -7.30|     1920|  1.920e+04|         2|        1|  1920|       yes|        -|        -|          -|            -|    -|
    |   o outerloop                                                            |     -|  -7.30|   133920|  1.339e+06|       496|        -|   270|        no|        -|        -|          -|            -|    -|
    |    o innerloop                                                           |     -|  -7.30|      490|  4.900e+03|        12|        1|   480|       yes|        -|        -|          -|            -|    -|
    |  + grp_xFResizeAreaDownScale_1080_1920_1_0_1_1_270_480_1920_480_s_fu_94  |     -|  -0.24|  2087114|  2.087e+07|         -|  2087114|     -|        no|  1 (~0%)|   6 (2%)|  2850 (2%)|    3796 (7%)|    -|
    |   o VITIS_LOOP_658_4                                                     |     -|  -7.30|      480|  4.800e+03|         1|        1|   480|       yes|        -|        -|          -|            -|    -|
    |   o LOOP_ROW                                                             |     -|  -7.30|  2086560|  2.087e+07|      1932|        -|  1080|        no|        -|        -|          -|            -|    -|
    |    o LOOP_COL                                                            |     -|  -7.30|     1929|  1.929e+04|        11|        1|  1920|       yes|        -|        -|          -|            -|    -|
    | + grp_AXIvideo2xfMat_24_9_1080_1920_1_s_fu_214                           |     -|  -0.03|  2080084|  2.080e+07|         -|  2080084|     -|        no|        -|        -|  267 (~0%)|    460 (~0%)|    -|
    |  o loop_start_hunt                                                       |     -|  -7.30|        1|     10.000|         1|        1|     1|       yes|        -|        -|          -|            -|    -|
    |  o loop_row_axi2mat                                                      |     -|  -7.30|  2080080|  2.080e+07|      1926|        -|  1080|        no|        -|        -|          -|            -|    -|
    |   o loop_col_zxi2mat                                                     |     -|  -7.30|     1920|  1.920e+04|         2|        1|  1920|       yes|        -|        -|          -|            -|    -|
    |   o loop_last_hunt                                                       |     -|  -7.30|        1|     10.000|         1|        1|     1|       yes|        -|        -|          -|            -|    -|
    | + grp_rgb2gray_9_0_1080_1920_1_s_fu_237                                  |     -|  -1.52|  2082241|  2.082e+07|         -|  2082241|     -|        no|        -|   3 (1%)|  175 (~0%)|    213 (~0%)|    -|
    |  o rowloop                                                               |     -|  -7.30|  2082240|  2.082e+07|      1928|        -|  1080|        no|        -|        -|          -|            -|    -|
    |   o columnloop                                                           |     -|  -7.30|     1925|  1.925e+04|         7|        1|  1920|       yes|        -|        -|          -|            -|    -|
    | + grp_xfMat2AXIvideo_8_0_270_480_1_s_fu_245                              |     -|  -1.11|   130681|  1.307e+06|         -|   130681|     -|        no|        -|        -|  137 (~0%)|    282 (~0%)|    -|
    |  o loop_row_mat2axi                                                      |     -|  -7.30|   130680|  1.307e+06|       484|        -|   270|        no|        -|        -|          -|            -|    -|
    |   o loop_col_mat2axi                                                     |     -|  -7.30|      481|  4.810e+03|         3|        1|   480|       yes|        -|        -|          -|            -|    -|
    | + call_ln0_Block_split1_proc_fu_266                                      |     -|  -3.67|        0|      0.000|         -|        0|     -|        no|        -|        -|    3 (~0%)|     74 (~0%)|    -|
    +--------------------------------------------------------------------------+------+-------+---------+-----------+----------+---------+------+----------+---------+---------+-----------+-------------+-----+

