

================================================================
== Vitis HLS Report for 'resize_2_0_1080_1920_270_480_1_4_s'
================================================================
* Date:           Mon Mar  9 12:24:00 2026

* Version:        2020.2 (Build 3064766 on Wed Nov 18 09:12:45 MST 2020)
* Project:        accel_downscale
* Solution:       solution1 (Vivado IP Flow Target)
* Product family: zynq
* Target device:  xc7z020-clg400-1


================================================================
== Performance Estimates
================================================================
+ Timing: 
    * Summary: 
    +--------+----------+----------+------------+
    |  Clock |  Target  | Estimated| Uncertainty|
    +--------+----------+----------+------------+
    |ap_clk  |  10.00 ns|  7.268 ns|     2.70 ns|
    +--------+----------+----------+------------+

+ Latency: 
    * Summary: 
    +---------+---------+----------+-----------+-----+---------+---------+
    |  Latency (cycles) |  Latency (absolute)  |    Interval   | Pipeline|
    |   min   |   max   |    min   |    max    | min |   max   |   Type  |
    +---------+---------+----------+-----------+-----+---------+---------+
    |      251|  2087116|  2.510 us|  20.871 ms|  251|  2087116|     none|
    +---------+---------+----------+-----------+-----+---------+---------+

    + Detail: 
        * Instance: 
        +----------------------------------------------------------------------+------------------------------------------------------------+---------+---------+----------+-----------+-----+---------+---------+
        |                                                                      |                                                            |  Latency (cycles) |  Latency (absolute)  |    Interval   | Pipeline|
        |                               Instance                               |                           Module                           |   min   |   max   |    min   |    max    | min |   max   |   Type  |
        +----------------------------------------------------------------------+------------------------------------------------------------+---------+---------+----------+-----------+-----+---------+---------+
        |grp_xFResizeAreaUpScale_1080_1920_1_0_1_1_270_480_1920_480_s_fu_82    |xFResizeAreaUpScale_1080_1920_1_0_1_1_270_480_1920_480_s    |      249|   138743|  2.490 us|   1.387 ms|  249|   138743|     none|
        |grp_xFResizeAreaDownScale_1080_1920_1_0_1_1_270_480_1920_480_s_fu_94  |xFResizeAreaDownScale_1080_1920_1_0_1_1_270_480_1920_480_s  |      556|  2087114|  5.560 us|  20.871 ms|  556|  2087114|     none|
        +----------------------------------------------------------------------+------------------------------------------------------------+---------+---------+----------+-----------+-----+---------+---------+

        * Loop: 
        N/A



================================================================
== Utilization Estimates
================================================================
* Summary: 
+-----------------+---------+-----+--------+-------+-----+
|       Name      | BRAM_18K| DSP |   FF   |  LUT  | URAM|
+-----------------+---------+-----+--------+-------+-----+
|DSP              |        -|    -|       -|      -|    -|
|Expression       |        -|    -|       0|     42|    -|
|FIFO             |        -|    -|       -|      -|    -|
|Instance         |        8|   10|    7790|   8213|    -|
|Memory           |        -|    -|       -|      -|    -|
|Multiplexer      |        -|    -|       -|    134|    -|
|Register         |        -|    -|      73|      -|    -|
+-----------------+---------+-----+--------+-------+-----+
|Total            |        8|   10|    7863|   8389|    0|
+-----------------+---------+-----+--------+-------+-----+
|Available        |      280|  220|  106400|  53200|    0|
+-----------------+---------+-----+--------+-------+-----+
|Utilization (%)  |        2|    4|       7|     15|    0|
+-----------------+---------+-----+--------+-------+-----+

+ Detail: 
    * Instance: 
    +----------------------------------------------------------------------+------------------------------------------------------------+---------+----+------+------+-----+
    |                               Instance                               |                           Module                           | BRAM_18K| DSP|  FF  |  LUT | URAM|
    +----------------------------------------------------------------------+------------------------------------------------------------+---------+----+------+------+-----+
    |grp_xFResizeAreaDownScale_1080_1920_1_0_1_1_270_480_1920_480_s_fu_94  |xFResizeAreaDownScale_1080_1920_1_0_1_1_270_480_1920_480_s  |        1|   6|  2850|  3796|    0|
    |grp_xFResizeAreaUpScale_1080_1920_1_0_1_1_270_480_1920_480_s_fu_82    |xFResizeAreaUpScale_1080_1920_1_0_1_1_270_480_1920_480_s    |        7|   4|  4940|  4417|    0|
    +----------------------------------------------------------------------+------------------------------------------------------------+---------+----+------+------+-----+
    |Total                                                                 |                                                            |        8|  10|  7790|  8213|    0|
    +----------------------------------------------------------------------+------------------------------------------------------------+---------+----+------+------+-----+

    * DSP: 
    N/A

    * Memory: 
    N/A

    * FIFO: 
    N/A

    * Expression: 
    +---------------------------------+----------+----+---+----+------------+------------+
    |          Variable Name          | Operation| DSP| FF| LUT| Bitwidth P0| Bitwidth P1|
    +---------------------------------+----------+----+---+----+------------+------------+
    |and_ln50_fu_134_p2               |       and|   0|  0|   2|           1|           1|
    |icmp_ln50_1_fu_128_p2            |      icmp|   0|  0|  18|          32|          32|
    |icmp_ln50_fu_122_p2              |      icmp|   0|  0|  18|          32|          32|
    |ap_block_state1                  |        or|   0|  0|   2|           1|           1|
    |ap_block_state3_on_subcall_done  |        or|   0|  0|   2|           1|           1|
    +---------------------------------+----------+----+---+----+------------+------------+
    |Total                            |          |   0|  0|  42|          67|          67|
    +---------------------------------+----------+----+---+----+------------+------------+

    * Multiplexer: 
    +----------------------+----+-----------+-----+-----------+
    |         Name         | LUT| Input Size| Bits| Total Bits|
    +----------------------+----+-----------+-----+-----------+
    |ap_NS_fsm             |  25|          5|    1|          5|
    |ap_done               |   9|          2|    1|          2|
    |img_gray_433_read     |  14|          3|    1|          3|
    |img_out_434_din       |   9|          2|    8|         16|
    |img_out_434_write     |  14|          3|    1|          3|
    |p_dst_cols_blk_n      |   9|          2|    1|          2|
    |p_dst_cols_out_blk_n  |   9|          2|    1|          2|
    |p_dst_rows_blk_n      |   9|          2|    1|          2|
    |p_dst_rows_out_blk_n  |   9|          2|    1|          2|
    |p_src_cols_blk_n      |   9|          2|    1|          2|
    |p_src_rows_blk_n      |   9|          2|    1|          2|
    |real_start            |   9|          2|    1|          2|
    +----------------------+----+-----------+-----+-----------+
    |Total                 | 134|         29|   19|         43|
    +----------------------+----+-----------+-----+-----------+

    * Register: 
    +-----------------------------------------------------------------------------------+----+----+-----+-----------+
    |                                        Name                                       | FF | LUT| Bits| Const Bits|
    +-----------------------------------------------------------------------------------+----+----+-----+-----------+
    |and_ln50_reg_164                                                                   |   1|   0|    1|          0|
    |ap_CS_fsm                                                                          |   4|   0|    4|          0|
    |ap_done_reg                                                                        |   1|   0|    1|          0|
    |empty_50_reg_146                                                                   |  16|   0|   16|          0|
    |empty_51_reg_152                                                                   |  16|   0|   16|          0|
    |empty_52_reg_158                                                                   |  16|   0|   16|          0|
    |empty_reg_140                                                                      |  16|   0|   16|          0|
    |grp_xFResizeAreaDownScale_1080_1920_1_0_1_1_270_480_1920_480_s_fu_94_ap_start_reg  |   1|   0|    1|          0|
    |grp_xFResizeAreaUpScale_1080_1920_1_0_1_1_270_480_1920_480_s_fu_82_ap_start_reg    |   1|   0|    1|          0|
    |start_once_reg                                                                     |   1|   0|    1|          0|
    +-----------------------------------------------------------------------------------+----+----+-----+-----------+
    |Total                                                                              |  73|   0|   73|          0|
    +-----------------------------------------------------------------------------------+----+----+-----+-----------+



================================================================
== Interface
================================================================
* Summary: 
+-----------------------+-----+-----+------------+------------------------------------------+--------------+
|       RTL Ports       | Dir | Bits|  Protocol  |               Source Object              |    C Type    |
+-----------------------+-----+-----+------------+------------------------------------------+--------------+
|ap_clk                 |   in|    1|  ap_ctrl_hs|  resize<2, 0, 1080, 1920, 270, 480, 1, 4>|  return value|
|ap_rst                 |   in|    1|  ap_ctrl_hs|  resize<2, 0, 1080, 1920, 270, 480, 1, 4>|  return value|
|ap_start               |   in|    1|  ap_ctrl_hs|  resize<2, 0, 1080, 1920, 270, 480, 1, 4>|  return value|
|start_full_n           |   in|    1|  ap_ctrl_hs|  resize<2, 0, 1080, 1920, 270, 480, 1, 4>|  return value|
|ap_done                |  out|    1|  ap_ctrl_hs|  resize<2, 0, 1080, 1920, 270, 480, 1, 4>|  return value|
|ap_continue            |   in|    1|  ap_ctrl_hs|  resize<2, 0, 1080, 1920, 270, 480, 1, 4>|  return value|
|ap_idle                |  out|    1|  ap_ctrl_hs|  resize<2, 0, 1080, 1920, 270, 480, 1, 4>|  return value|
|ap_ready               |  out|    1|  ap_ctrl_hs|  resize<2, 0, 1080, 1920, 270, 480, 1, 4>|  return value|
|start_out              |  out|    1|  ap_ctrl_hs|  resize<2, 0, 1080, 1920, 270, 480, 1, 4>|  return value|
|start_write            |  out|    1|  ap_ctrl_hs|  resize<2, 0, 1080, 1920, 270, 480, 1, 4>|  return value|
|img_gray_433_dout      |   in|    8|     ap_fifo|                              img_gray_433|       pointer|
|img_gray_433_empty_n   |   in|    1|     ap_fifo|                              img_gray_433|       pointer|
|img_gray_433_read      |  out|    1|     ap_fifo|                              img_gray_433|       pointer|
|img_out_434_din        |  out|    8|     ap_fifo|                               img_out_434|       pointer|
|img_out_434_full_n     |   in|    1|     ap_fifo|                               img_out_434|       pointer|
|img_out_434_write      |  out|    1|     ap_fifo|                               img_out_434|       pointer|
|p_src_rows_dout        |   in|   32|     ap_fifo|                                p_src_rows|       pointer|
|p_src_rows_empty_n     |   in|    1|     ap_fifo|                                p_src_rows|       pointer|
|p_src_rows_read        |  out|    1|     ap_fifo|                                p_src_rows|       pointer|
|p_src_cols_dout        |   in|   32|     ap_fifo|                                p_src_cols|       pointer|
|p_src_cols_empty_n     |   in|    1|     ap_fifo|                                p_src_cols|       pointer|
|p_src_cols_read        |  out|    1|     ap_fifo|                                p_src_cols|       pointer|
|p_dst_rows_dout        |   in|   32|     ap_fifo|                                p_dst_rows|       pointer|
|p_dst_rows_empty_n     |   in|    1|     ap_fifo|                                p_dst_rows|       pointer|
|p_dst_rows_read        |  out|    1|     ap_fifo|                                p_dst_rows|       pointer|
|p_dst_cols_dout        |   in|   32|     ap_fifo|                                p_dst_cols|       pointer|
|p_dst_cols_empty_n     |   in|    1|     ap_fifo|                                p_dst_cols|       pointer|
|p_dst_cols_read        |  out|    1|     ap_fifo|                                p_dst_cols|       pointer|
|p_dst_rows_out_din     |  out|   32|     ap_fifo|                            p_dst_rows_out|       pointer|
|p_dst_rows_out_full_n  |   in|    1|     ap_fifo|                            p_dst_rows_out|       pointer|
|p_dst_rows_out_write   |  out|    1|     ap_fifo|                            p_dst_rows_out|       pointer|
|p_dst_cols_out_din     |  out|   32|     ap_fifo|                            p_dst_cols_out|       pointer|
|p_dst_cols_out_full_n  |   in|    1|     ap_fifo|                            p_dst_cols_out|       pointer|
|p_dst_cols_out_write   |  out|    1|     ap_fifo|                            p_dst_cols_out|       pointer|
+-----------------------+-----+-----+------------+------------------------------------------+--------------+

