

================================================================
== Vitis HLS Report for 'rgb2gray_9_0_1080_1920_1_s'
================================================================
* Date:           Mon Mar  9 12:23:53 2026

* Version:        2020.2 (Build 3064766 on Wed Nov 18 09:12:45 MST 2020)
* Project:        accel_downscale
* Solution:       solution1 (Vivado IP Flow Target)
* Product family: zynq
* Target device:  xc7z020-clg400-1


================================================================
== Performance Estimates
================================================================
+ Timing: 
    * Summary: 
    +--------+----------+----------+------------+
    |  Clock |  Target  | Estimated| Uncertainty|
    +--------+----------+----------+------------+
    |ap_clk  |  10.00 ns|  5.784 ns|     2.70 ns|
    +--------+----------+----------+------------+

+ Latency: 
    * Summary: 
    +---------+---------+-----------+-----------+---------+---------+---------+
    |  Latency (cycles) |   Latency (absolute)  |      Interval     | Pipeline|
    |   min   |   max   |    min    |    max    |   min   |   max   |   Type  |
    +---------+---------+-----------+-----------+---------+---------+---------+
    |  2082241|  2082241|  20.822 ms|  20.822 ms|  2082241|  2082241|     none|
    +---------+---------+-----------+-----------+---------+---------+---------+

    + Detail: 
        * Instance: 
        N/A

        * Loop: 
        +---------------+---------+---------+----------+-----------+-----------+------+----------+
        |               |  Latency (cycles) | Iteration|  Initiation Interval  | Trip |          |
        |   Loop Name   |   min   |   max   |  Latency |  achieved |   target  | Count| Pipelined|
        +---------------+---------+---------+----------+-----------+-----------+------+----------+
        |- rowloop      |  2082240|  2082240|      1928|          -|          -|  1080|        no|
        | + columnloop  |     1925|     1925|         7|          1|          1|  1920|       yes|
        +---------------+---------+---------+----------+-----------+-----------+------+----------+



================================================================
== Utilization Estimates
================================================================
* Summary: 
+-----------------+---------+-----+--------+-------+-----+
|       Name      | BRAM_18K| DSP |   FF   |  LUT  | URAM|
+-----------------+---------+-----+--------+-------+-----+
|DSP              |        -|    3|       -|      -|    -|
|Expression       |        -|    -|       0|     75|    -|
|FIFO             |        -|    -|       -|      -|    -|
|Instance         |        -|    -|       -|      -|    -|
|Memory           |        -|    -|       -|      -|    -|
|Multiplexer      |        -|    -|       -|    106|    -|
|Register         |        -|    -|     175|     32|    -|
+-----------------+---------+-----+--------+-------+-----+
|Total            |        0|    3|     175|    213|    0|
+-----------------+---------+-----+--------+-------+-----+
|Available        |      280|  220|  106400|  53200|    0|
+-----------------+---------+-----+--------+-------+-----+
|Utilization (%)  |        0|    1|      ~0|     ~0|    0|
+-----------------+---------+-----+--------+-------+-----+

+ Detail: 
    * Instance: 
    N/A

    * DSP: 
    +-------------------------------------+---------------------------------+--------------+
    |               Instance              |              Module             |  Expression  |
    +-------------------------------------+---------------------------------+--------------+
    |mac_muladd_8ns_13ns_22ns_22_4_1_U31  |mac_muladd_8ns_13ns_22ns_22_4_1  |  i0 + i1 * i2|
    |mac_muladd_8ns_16ns_22ns_23_4_1_U32  |mac_muladd_8ns_16ns_22ns_23_4_1  |  i0 + i1 * i2|
    |mul_mul_8ns_15ns_22_4_1_U30          |mul_mul_8ns_15ns_22_4_1          |       i0 * i1|
    +-------------------------------------+---------------------------------+--------------+

    * Memory: 
    N/A

    * FIFO: 
    N/A

    * Expression: 
    +----------------------------------+----------+----+---+----+------------+------------+
    |           Variable Name          | Operation| DSP| FF| LUT| Bitwidth P0| Bitwidth P1|
    +----------------------------------+----------+----+---+----+------------+------------+
    |add_ln878_fu_144_p2               |         +|   0|  0|  23|          16|           1|
    |i_V_1_fu_129_p2                   |         +|   0|  0|  14|          13|           1|
    |ap_block_state4_pp0_stage0_iter1  |       and|   0|  0|   2|           1|           1|
    |ap_block_state9_pp0_stage0_iter6  |       and|   0|  0|   2|           1|           1|
    |icmp_ln4764_fu_150_p2             |      icmp|   0|  0|  13|          16|          16|
    |icmp_ln878_fu_139_p2              |      icmp|   0|  0|  13|          16|          16|
    |ap_block_pp0_stage0_01001         |        or|   0|  0|   2|           1|           1|
    |ap_block_state1                   |        or|   0|  0|   2|           1|           1|
    |ap_enable_pp0                     |       xor|   0|  0|   2|           1|           2|
    |ap_enable_reg_pp0_iter1           |       xor|   0|  0|   2|           2|           1|
    +----------------------------------+----------+----+---+----+------------+------------+
    |Total                             |          |   0|  0|  75|          68|          41|
    +----------------------------------+----------+----+---+----+------------+------------+

    * Multiplexer: 
    +-------------------------+----+-----------+-----+-----------+
    |           Name          | LUT| Input Size| Bits| Total Bits|
    +-------------------------+----+-----------+-----+-----------+
    |ap_NS_fsm                |  25|          5|    1|          5|
    |ap_done                  |   9|          2|    1|          2|
    |ap_enable_reg_pp0_iter1  |   9|          2|    1|          2|
    |ap_enable_reg_pp0_iter6  |   9|          2|    1|          2|
    |i_V_reg_99               |   9|          2|   13|         26|
    |img_gray_433_blk_n       |   9|          2|    1|          2|
    |img_in_432_blk_n         |   9|          2|    1|          2|
    |j_V_reg_110              |   9|          2|   16|         32|
    |p_src_cols_blk_n         |   9|          2|    1|          2|
    |p_src_rows_blk_n         |   9|          2|    1|          2|
    +-------------------------+----+-----------+-----+-----------+
    |Total                    | 106|         23|   37|         77|
    +-------------------------+----+-----------+-----+-----------+

    * Register: 
    +---------------------------+----+----+-----+-----------+
    |            Name           | FF | LUT| Bits| Const Bits|
    +---------------------------+----+----+-----+-----------+
    |ap_CS_fsm                  |   4|   0|    4|          0|
    |ap_done_reg                |   1|   0|    1|          0|
    |ap_enable_reg_pp0_iter0    |   1|   0|    1|          0|
    |ap_enable_reg_pp0_iter1    |   1|   0|    1|          0|
    |ap_enable_reg_pp0_iter2    |   1|   0|    1|          0|
    |ap_enable_reg_pp0_iter3    |   1|   0|    1|          0|
    |ap_enable_reg_pp0_iter4    |   1|   0|    1|          0|
    |ap_enable_reg_pp0_iter5    |   1|   0|    1|          0|
    |ap_enable_reg_pp0_iter6    |   1|   0|    1|          0|
    |height_reg_226             |  16|   0|   16|          0|
    |i_V_1_reg_236              |  13|   0|   13|          0|
    |i_V_reg_99                 |  13|   0|   13|          0|
    |icmp_ln4764_reg_250        |   1|   0|    1|          0|
    |j_V_reg_110                |  16|   0|   16|          0|
    |p_1_reg_254                |   8|   0|    8|          0|
    |p_1_reg_254_pp0_iter2_reg  |   8|   0|    8|          0|
    |p_2_reg_259                |   8|   0|    8|          0|
    |width_reg_231              |  16|   0|   16|          0|
    |icmp_ln4764_reg_250        |  64|  32|    1|          0|
    +---------------------------+----+----+-----+-----------+
    |Total                      | 175|  32|  112|          0|
    +---------------------------+----+----+-----+-----------+



================================================================
== Interface
================================================================
* Summary: 
+---------------------+-----+-----+------------+-------------------------------+--------------+
|      RTL Ports      | Dir | Bits|  Protocol  |         Source Object         |    C Type    |
+---------------------+-----+-----+------------+-------------------------------+--------------+
|ap_clk               |   in|    1|  ap_ctrl_hs|  rgb2gray<9, 0, 1080, 1920, 1>|  return value|
|ap_rst               |   in|    1|  ap_ctrl_hs|  rgb2gray<9, 0, 1080, 1920, 1>|  return value|
|ap_start             |   in|    1|  ap_ctrl_hs|  rgb2gray<9, 0, 1080, 1920, 1>|  return value|
|ap_done              |  out|    1|  ap_ctrl_hs|  rgb2gray<9, 0, 1080, 1920, 1>|  return value|
|ap_continue          |   in|    1|  ap_ctrl_hs|  rgb2gray<9, 0, 1080, 1920, 1>|  return value|
|ap_idle              |  out|    1|  ap_ctrl_hs|  rgb2gray<9, 0, 1080, 1920, 1>|  return value|
|ap_ready             |  out|    1|  ap_ctrl_hs|  rgb2gray<9, 0, 1080, 1920, 1>|  return value|
|img_in_432_dout      |   in|   24|     ap_fifo|                     img_in_432|       pointer|
|img_in_432_empty_n   |   in|    1|     ap_fifo|                     img_in_432|       pointer|
|img_in_432_read      |  out|    1|     ap_fifo|                     img_in_432|       pointer|
|img_gray_433_din     |  out|    8|     ap_fifo|                   img_gray_433|       pointer|
|img_gray_433_full_n  |   in|    1|     ap_fifo|                   img_gray_433|       pointer|
|img_gray_433_write   |  out|    1|     ap_fifo|                   img_gray_433|       pointer|
|p_src_rows_dout      |   in|   32|     ap_fifo|                     p_src_rows|       pointer|
|p_src_rows_empty_n   |   in|    1|     ap_fifo|                     p_src_rows|       pointer|
|p_src_rows_read      |  out|    1|     ap_fifo|                     p_src_rows|       pointer|
|p_src_cols_dout      |   in|   32|     ap_fifo|                     p_src_cols|       pointer|
|p_src_cols_empty_n   |   in|    1|     ap_fifo|                     p_src_cols|       pointer|
|p_src_cols_read      |  out|    1|     ap_fifo|                     p_src_cols|       pointer|
+---------------------+-----+-----+------------+-------------------------------+--------------+

