

================================================================
== Vitis HLS Report for 'xFUDivAreaUp'
================================================================
* Date:           Mon Mar  9 12:23:42 2026

* Version:        2020.2 (Build 3064766 on Wed Nov 18 09:12:45 MST 2020)
* Project:        accel_downscale
* Solution:       solution1 (Vivado IP Flow Target)
* Product family: zynq
* Target device:  xc7z020-clg400-1


================================================================
== Performance Estimates
================================================================
+ Timing: 
    * Summary: 
    +--------+----------+----------+------------+
    |  Clock |  Target  | Estimated| Uncertainty|
    +--------+----------+----------+------------+
    |ap_clk  |  10.00 ns|  4.552 ns|     2.70 ns|
    +--------+----------+----------+------------+

+ Latency: 
    * Summary: 
    +---------+---------+----------+----------+-----+-----+---------+
    |  Latency (cycles) |  Latency (absolute) |  Interval | Pipeline|
    |   min   |   max   |    min   |    max   | min | max |   Type  |
    +---------+---------+----------+----------+-----+-----+---------+
    |       51|       51|  0.510 us|  0.510 us|   51|   51|     none|
    +---------+---------+----------+----------+-----+-----+---------+

    + Detail: 
        * Instance: 
        N/A

        * Loop: 
        N/A

============================================================
+ Verbose Summary: Synthesis Manager
============================================================
InlineROM: 1
ExposeGlobal: 0
============================================================
+ Verbose Summary: CDFG Model
============================================================
IsTopModel: 0
ResetActiveHigh: 1
IsCombinational: 0
IsDatapathOnly: 0
HasWiredReturn: 1
HasMFsm: 0
HasVarLatency: 1
IsPipeline: 0
IsRtlPipelined: 0
IsInstanceOverlapped: 0
IsDontTouch: 0
HasImplIP: 0
IsGatedGlobalClock: 0


============================================================
+ Verbose Summary: Schedule
============================================================
* Number of FSM states : 52
* Pipeline : 0
* Dataflow Pipeline: 0

* FSM state transitions: 
1 --> 2 
2 --> 3 
3 --> 4 
4 --> 5 
5 --> 6 
6 --> 7 
7 --> 8 
8 --> 9 
9 --> 10 
10 --> 11 
11 --> 12 
12 --> 13 
13 --> 14 
14 --> 15 
15 --> 16 
16 --> 17 
17 --> 18 
18 --> 19 
19 --> 20 
20 --> 21 
21 --> 22 
22 --> 23 
23 --> 24 
24 --> 25 
25 --> 26 
26 --> 27 
27 --> 28 
28 --> 29 
29 --> 30 
30 --> 31 
31 --> 32 
32 --> 33 
33 --> 34 
34 --> 35 
35 --> 36 
36 --> 37 
37 --> 38 
38 --> 39 
39 --> 40 
40 --> 41 
41 --> 42 
42 --> 43 
43 --> 44 
44 --> 45 
45 --> 46 
46 --> 47 
47 --> 48 
48 --> 49 
49 --> 50 
50 --> 51 
51 --> 52 
52 --> 

* FSM state operations: 

State 1 <SV = 0> <Delay = 4.55>
ST_1 : Operation 53 [1/1] (0.00ns)   --->   "%in_d_read = read i16 @_ssdm_op_Read.ap_auto.i16, i16 %in_d"   --->   Operation 53 'read' 'in_d_read' <Predicate = true> <Delay = 0.00>
ST_1 : Operation 54 [1/1] (0.00ns)   --->   "%in_n_read = read i64 @_ssdm_op_Read.ap_auto.i64, i64 %in_n"   --->   Operation 54 'read' 'in_n_read' <Predicate = true> <Delay = 0.00>
ST_1 : Operation 55 [1/1] (0.00ns)   --->   "%trunc_ln150 = trunc i64 %in_n_read" [C:/Vitis_Libraries/vision/L1/include\imgproc/xf_resize_up_area.hpp:150]   --->   Operation 55 'trunc' 'trunc_ln150' <Predicate = true> <Delay = 0.00>
ST_1 : Operation 56 [1/1] (0.00ns)   --->   "%zext_ln154 = zext i16 %in_d_read" [C:/Vitis_Libraries/vision/L1/include\imgproc/xf_resize_up_area.hpp:154]   --->   Operation 56 'zext' 'zext_ln154' <Predicate = true> <Delay = 0.00>
ST_1 : Operation 57 [52/52] (4.55ns)   --->   "%out_res = udiv i48 %trunc_ln150, i48 %zext_ln154" [C:/Vitis_Libraries/vision/L1/include\imgproc/xf_resize_up_area.hpp:154]   --->   Operation 57 'udiv' 'out_res' <Predicate = true> <Delay = 4.55> <CoreInst = "DivnS_SEQ">   --->   Core 7 'DivnS_SEQ' <Latency = 51> <II = 48> <Delay = 4.55> <FuncUnit> <Opcode : 'sdiv' 'srem' 'udiv' 'urem'> <InPorts = 2> <OutPorts = 1>

State 2 <SV = 1> <Delay = 4.55>
ST_2 : Operation 58 [51/52] (4.55ns)   --->   "%out_res = udiv i48 %trunc_ln150, i48 %zext_ln154" [C:/Vitis_Libraries/vision/L1/include\imgproc/xf_resize_up_area.hpp:154]   --->   Operation 58 'udiv' 'out_res' <Predicate = true> <Delay = 4.55> <CoreInst = "DivnS_SEQ">   --->   Core 7 'DivnS_SEQ' <Latency = 51> <II = 48> <Delay = 4.55> <FuncUnit> <Opcode : 'sdiv' 'srem' 'udiv' 'urem'> <InPorts = 2> <OutPorts = 1>

State 3 <SV = 2> <Delay = 4.55>
ST_3 : Operation 59 [50/52] (4.55ns)   --->   "%out_res = udiv i48 %trunc_ln150, i48 %zext_ln154" [C:/Vitis_Libraries/vision/L1/include\imgproc/xf_resize_up_area.hpp:154]   --->   Operation 59 'udiv' 'out_res' <Predicate = true> <Delay = 4.55> <CoreInst = "DivnS_SEQ">   --->   Core 7 'DivnS_SEQ' <Latency = 51> <II = 48> <Delay = 4.55> <FuncUnit> <Opcode : 'sdiv' 'srem' 'udiv' 'urem'> <InPorts = 2> <OutPorts = 1>

State 4 <SV = 3> <Delay = 4.55>
ST_4 : Operation 60 [49/52] (4.55ns)   --->   "%out_res = udiv i48 %trunc_ln150, i48 %zext_ln154" [C:/Vitis_Libraries/vision/L1/include\imgproc/xf_resize_up_area.hpp:154]   --->   Operation 60 'udiv' 'out_res' <Predicate = true> <Delay = 4.55> <CoreInst = "DivnS_SEQ">   --->   Core 7 'DivnS_SEQ' <Latency = 51> <II = 48> <Delay = 4.55> <FuncUnit> <Opcode : 'sdiv' 'srem' 'udiv' 'urem'> <InPorts = 2> <OutPorts = 1>

State 5 <SV = 4> <Delay = 4.55>
ST_5 : Operation 61 [48/52] (4.55ns)   --->   "%out_res = udiv i48 %trunc_ln150, i48 %zext_ln154" [C:/Vitis_Libraries/vision/L1/include\imgproc/xf_resize_up_area.hpp:154]   --->   Operation 61 'udiv' 'out_res' <Predicate = true> <Delay = 4.55> <CoreInst = "DivnS_SEQ">   --->   Core 7 'DivnS_SEQ' <Latency = 51> <II = 48> <Delay = 4.55> <FuncUnit> <Opcode : 'sdiv' 'srem' 'udiv' 'urem'> <InPorts = 2> <OutPorts = 1>

State 6 <SV = 5> <Delay = 4.55>
ST_6 : Operation 62 [47/52] (4.55ns)   --->   "%out_res = udiv i48 %trunc_ln150, i48 %zext_ln154" [C:/Vitis_Libraries/vision/L1/include\imgproc/xf_resize_up_area.hpp:154]   --->   Operation 62 'udiv' 'out_res' <Predicate = true> <Delay = 4.55> <CoreInst = "DivnS_SEQ">   --->   Core 7 'DivnS_SEQ' <Latency = 51> <II = 48> <Delay = 4.55> <FuncUnit> <Opcode : 'sdiv' 'srem' 'udiv' 'urem'> <InPorts = 2> <OutPorts = 1>

State 7 <SV = 6> <Delay = 4.55>
ST_7 : Operation 63 [46/52] (4.55ns)   --->   "%out_res = udiv i48 %trunc_ln150, i48 %zext_ln154" [C:/Vitis_Libraries/vision/L1/include\imgproc/xf_resize_up_area.hpp:154]   --->   Operation 63 'udiv' 'out_res' <Predicate = true> <Delay = 4.55> <CoreInst = "DivnS_SEQ">   --->   Core 7 'DivnS_SEQ' <Latency = 51> <II = 48> <Delay = 4.55> <FuncUnit> <Opcode : 'sdiv' 'srem' 'udiv' 'urem'> <InPorts = 2> <OutPorts = 1>

State 8 <SV = 7> <Delay = 4.55>
ST_8 : Operation 64 [45/52] (4.55ns)   --->   "%out_res = udiv i48 %trunc_ln150, i48 %zext_ln154" [C:/Vitis_Libraries/vision/L1/include\imgproc/xf_resize_up_area.hpp:154]   --->   Operation 64 'udiv' 'out_res' <Predicate = true> <Delay = 4.55> <CoreInst = "DivnS_SEQ">   --->   Core 7 'DivnS_SEQ' <Latency = 51> <II = 48> <Delay = 4.55> <FuncUnit> <Opcode : 'sdiv' 'srem' 'udiv' 'urem'> <InPorts = 2> <OutPorts = 1>

State 9 <SV = 8> <Delay = 4.55>
ST_9 : Operation 65 [44/52] (4.55ns)   --->   "%out_res = udiv i48 %trunc_ln150, i48 %zext_ln154" [C:/Vitis_Libraries/vision/L1/include\imgproc/xf_resize_up_area.hpp:154]   --->   Operation 65 'udiv' 'out_res' <Predicate = true> <Delay = 4.55> <CoreInst = "DivnS_SEQ">   --->   Core 7 'DivnS_SEQ' <Latency = 51> <II = 48> <Delay = 4.55> <FuncUnit> <Opcode : 'sdiv' 'srem' 'udiv' 'urem'> <InPorts = 2> <OutPorts = 1>

State 10 <SV = 9> <Delay = 4.55>
ST_10 : Operation 66 [43/52] (4.55ns)   --->   "%out_res = udiv i48 %trunc_ln150, i48 %zext_ln154" [C:/Vitis_Libraries/vision/L1/include\imgproc/xf_resize_up_area.hpp:154]   --->   Operation 66 'udiv' 'out_res' <Predicate = true> <Delay = 4.55> <CoreInst = "DivnS_SEQ">   --->   Core 7 'DivnS_SEQ' <Latency = 51> <II = 48> <Delay = 4.55> <FuncUnit> <Opcode : 'sdiv' 'srem' 'udiv' 'urem'> <InPorts = 2> <OutPorts = 1>

State 11 <SV = 10> <Delay = 4.55>
ST_11 : Operation 67 [42/52] (4.55ns)   --->   "%out_res = udiv i48 %trunc_ln150, i48 %zext_ln154" [C:/Vitis_Libraries/vision/L1/include\imgproc/xf_resize_up_area.hpp:154]   --->   Operation 67 'udiv' 'out_res' <Predicate = true> <Delay = 4.55> <CoreInst = "DivnS_SEQ">   --->   Core 7 'DivnS_SEQ' <Latency = 51> <II = 48> <Delay = 4.55> <FuncUnit> <Opcode : 'sdiv' 'srem' 'udiv' 'urem'> <InPorts = 2> <OutPorts = 1>

State 12 <SV = 11> <Delay = 4.55>
ST_12 : Operation 68 [41/52] (4.55ns)   --->   "%out_res = udiv i48 %trunc_ln150, i48 %zext_ln154" [C:/Vitis_Libraries/vision/L1/include\imgproc/xf_resize_up_area.hpp:154]   --->   Operation 68 'udiv' 'out_res' <Predicate = true> <Delay = 4.55> <CoreInst = "DivnS_SEQ">   --->   Core 7 'DivnS_SEQ' <Latency = 51> <II = 48> <Delay = 4.55> <FuncUnit> <Opcode : 'sdiv' 'srem' 'udiv' 'urem'> <InPorts = 2> <OutPorts = 1>

State 13 <SV = 12> <Delay = 4.55>
ST_13 : Operation 69 [40/52] (4.55ns)   --->   "%out_res = udiv i48 %trunc_ln150, i48 %zext_ln154" [C:/Vitis_Libraries/vision/L1/include\imgproc/xf_resize_up_area.hpp:154]   --->   Operation 69 'udiv' 'out_res' <Predicate = true> <Delay = 4.55> <CoreInst = "DivnS_SEQ">   --->   Core 7 'DivnS_SEQ' <Latency = 51> <II = 48> <Delay = 4.55> <FuncUnit> <Opcode : 'sdiv' 'srem' 'udiv' 'urem'> <InPorts = 2> <OutPorts = 1>

State 14 <SV = 13> <Delay = 4.55>
ST_14 : Operation 70 [39/52] (4.55ns)   --->   "%out_res = udiv i48 %trunc_ln150, i48 %zext_ln154" [C:/Vitis_Libraries/vision/L1/include\imgproc/xf_resize_up_area.hpp:154]   --->   Operation 70 'udiv' 'out_res' <Predicate = true> <Delay = 4.55> <CoreInst = "DivnS_SEQ">   --->   Core 7 'DivnS_SEQ' <Latency = 51> <II = 48> <Delay = 4.55> <FuncUnit> <Opcode : 'sdiv' 'srem' 'udiv' 'urem'> <InPorts = 2> <OutPorts = 1>

State 15 <SV = 14> <Delay = 4.55>
ST_15 : Operation 71 [38/52] (4.55ns)   --->   "%out_res = udiv i48 %trunc_ln150, i48 %zext_ln154" [C:/Vitis_Libraries/vision/L1/include\imgproc/xf_resize_up_area.hpp:154]   --->   Operation 71 'udiv' 'out_res' <Predicate = true> <Delay = 4.55> <CoreInst = "DivnS_SEQ">   --->   Core 7 'DivnS_SEQ' <Latency = 51> <II = 48> <Delay = 4.55> <FuncUnit> <Opcode : 'sdiv' 'srem' 'udiv' 'urem'> <InPorts = 2> <OutPorts = 1>

State 16 <SV = 15> <Delay = 4.55>
ST_16 : Operation 72 [37/52] (4.55ns)   --->   "%out_res = udiv i48 %trunc_ln150, i48 %zext_ln154" [C:/Vitis_Libraries/vision/L1/include\imgproc/xf_resize_up_area.hpp:154]   --->   Operation 72 'udiv' 'out_res' <Predicate = true> <Delay = 4.55> <CoreInst = "DivnS_SEQ">   --->   Core 7 'DivnS_SEQ' <Latency = 51> <II = 48> <Delay = 4.55> <FuncUnit> <Opcode : 'sdiv' 'srem' 'udiv' 'urem'> <InPorts = 2> <OutPorts = 1>

State 17 <SV = 16> <Delay = 4.55>
ST_17 : Operation 73 [36/52] (4.55ns)   --->   "%out_res = udiv i48 %trunc_ln150, i48 %zext_ln154" [C:/Vitis_Libraries/vision/L1/include\imgproc/xf_resize_up_area.hpp:154]   --->   Operation 73 'udiv' 'out_res' <Predicate = true> <Delay = 4.55> <CoreInst = "DivnS_SEQ">   --->   Core 7 'DivnS_SEQ' <Latency = 51> <II = 48> <Delay = 4.55> <FuncUnit> <Opcode : 'sdiv' 'srem' 'udiv' 'urem'> <InPorts = 2> <OutPorts = 1>

State 18 <SV = 17> <Delay = 4.55>
ST_18 : Operation 74 [35/52] (4.55ns)   --->   "%out_res = udiv i48 %trunc_ln150, i48 %zext_ln154" [C:/Vitis_Libraries/vision/L1/include\imgproc/xf_resize_up_area.hpp:154]   --->   Operation 74 'udiv' 'out_res' <Predicate = true> <Delay = 4.55> <CoreInst = "DivnS_SEQ">   --->   Core 7 'DivnS_SEQ' <Latency = 51> <II = 48> <Delay = 4.55> <FuncUnit> <Opcode : 'sdiv' 'srem' 'udiv' 'urem'> <InPorts = 2> <OutPorts = 1>

State 19 <SV = 18> <Delay = 4.55>
ST_19 : Operation 75 [34/52] (4.55ns)   --->   "%out_res = udiv i48 %trunc_ln150, i48 %zext_ln154" [C:/Vitis_Libraries/vision/L1/include\imgproc/xf_resize_up_area.hpp:154]   --->   Operation 75 'udiv' 'out_res' <Predicate = true> <Delay = 4.55> <CoreInst = "DivnS_SEQ">   --->   Core 7 'DivnS_SEQ' <Latency = 51> <II = 48> <Delay = 4.55> <FuncUnit> <Opcode : 'sdiv' 'srem' 'udiv' 'urem'> <InPorts = 2> <OutPorts = 1>

State 20 <SV = 19> <Delay = 4.55>
ST_20 : Operation 76 [33/52] (4.55ns)   --->   "%out_res = udiv i48 %trunc_ln150, i48 %zext_ln154" [C:/Vitis_Libraries/vision/L1/include\imgproc/xf_resize_up_area.hpp:154]   --->   Operation 76 'udiv' 'out_res' <Predicate = true> <Delay = 4.55> <CoreInst = "DivnS_SEQ">   --->   Core 7 'DivnS_SEQ' <Latency = 51> <II = 48> <Delay = 4.55> <FuncUnit> <Opcode : 'sdiv' 'srem' 'udiv' 'urem'> <InPorts = 2> <OutPorts = 1>

State 21 <SV = 20> <Delay = 4.55>
ST_21 : Operation 77 [32/52] (4.55ns)   --->   "%out_res = udiv i48 %trunc_ln150, i48 %zext_ln154" [C:/Vitis_Libraries/vision/L1/include\imgproc/xf_resize_up_area.hpp:154]   --->   Operation 77 'udiv' 'out_res' <Predicate = true> <Delay = 4.55> <CoreInst = "DivnS_SEQ">   --->   Core 7 'DivnS_SEQ' <Latency = 51> <II = 48> <Delay = 4.55> <FuncUnit> <Opcode : 'sdiv' 'srem' 'udiv' 'urem'> <InPorts = 2> <OutPorts = 1>

State 22 <SV = 21> <Delay = 4.55>
ST_22 : Operation 78 [31/52] (4.55ns)   --->   "%out_res = udiv i48 %trunc_ln150, i48 %zext_ln154" [C:/Vitis_Libraries/vision/L1/include\imgproc/xf_resize_up_area.hpp:154]   --->   Operation 78 'udiv' 'out_res' <Predicate = true> <Delay = 4.55> <CoreInst = "DivnS_SEQ">   --->   Core 7 'DivnS_SEQ' <Latency = 51> <II = 48> <Delay = 4.55> <FuncUnit> <Opcode : 'sdiv' 'srem' 'udiv' 'urem'> <InPorts = 2> <OutPorts = 1>

State 23 <SV = 22> <Delay = 4.55>
ST_23 : Operation 79 [30/52] (4.55ns)   --->   "%out_res = udiv i48 %trunc_ln150, i48 %zext_ln154" [C:/Vitis_Libraries/vision/L1/include\imgproc/xf_resize_up_area.hpp:154]   --->   Operation 79 'udiv' 'out_res' <Predicate = true> <Delay = 4.55> <CoreInst = "DivnS_SEQ">   --->   Core 7 'DivnS_SEQ' <Latency = 51> <II = 48> <Delay = 4.55> <FuncUnit> <Opcode : 'sdiv' 'srem' 'udiv' 'urem'> <InPorts = 2> <OutPorts = 1>

State 24 <SV = 23> <Delay = 4.55>
ST_24 : Operation 80 [29/52] (4.55ns)   --->   "%out_res = udiv i48 %trunc_ln150, i48 %zext_ln154" [C:/Vitis_Libraries/vision/L1/include\imgproc/xf_resize_up_area.hpp:154]   --->   Operation 80 'udiv' 'out_res' <Predicate = true> <Delay = 4.55> <CoreInst = "DivnS_SEQ">   --->   Core 7 'DivnS_SEQ' <Latency = 51> <II = 48> <Delay = 4.55> <FuncUnit> <Opcode : 'sdiv' 'srem' 'udiv' 'urem'> <InPorts = 2> <OutPorts = 1>

State 25 <SV = 24> <Delay = 4.55>
ST_25 : Operation 81 [28/52] (4.55ns)   --->   "%out_res = udiv i48 %trunc_ln150, i48 %zext_ln154" [C:/Vitis_Libraries/vision/L1/include\imgproc/xf_resize_up_area.hpp:154]   --->   Operation 81 'udiv' 'out_res' <Predicate = true> <Delay = 4.55> <CoreInst = "DivnS_SEQ">   --->   Core 7 'DivnS_SEQ' <Latency = 51> <II = 48> <Delay = 4.55> <FuncUnit> <Opcode : 'sdiv' 'srem' 'udiv' 'urem'> <InPorts = 2> <OutPorts = 1>

State 26 <SV = 25> <Delay = 4.55>
ST_26 : Operation 82 [27/52] (4.55ns)   --->   "%out_res = udiv i48 %trunc_ln150, i48 %zext_ln154" [C:/Vitis_Libraries/vision/L1/include\imgproc/xf_resize_up_area.hpp:154]   --->   Operation 82 'udiv' 'out_res' <Predicate = true> <Delay = 4.55> <CoreInst = "DivnS_SEQ">   --->   Core 7 'DivnS_SEQ' <Latency = 51> <II = 48> <Delay = 4.55> <FuncUnit> <Opcode : 'sdiv' 'srem' 'udiv' 'urem'> <InPorts = 2> <OutPorts = 1>

State 27 <SV = 26> <Delay = 4.55>
ST_27 : Operation 83 [26/52] (4.55ns)   --->   "%out_res = udiv i48 %trunc_ln150, i48 %zext_ln154" [C:/Vitis_Libraries/vision/L1/include\imgproc/xf_resize_up_area.hpp:154]   --->   Operation 83 'udiv' 'out_res' <Predicate = true> <Delay = 4.55> <CoreInst = "DivnS_SEQ">   --->   Core 7 'DivnS_SEQ' <Latency = 51> <II = 48> <Delay = 4.55> <FuncUnit> <Opcode : 'sdiv' 'srem' 'udiv' 'urem'> <InPorts = 2> <OutPorts = 1>

State 28 <SV = 27> <Delay = 4.55>
ST_28 : Operation 84 [25/52] (4.55ns)   --->   "%out_res = udiv i48 %trunc_ln150, i48 %zext_ln154" [C:/Vitis_Libraries/vision/L1/include\imgproc/xf_resize_up_area.hpp:154]   --->   Operation 84 'udiv' 'out_res' <Predicate = true> <Delay = 4.55> <CoreInst = "DivnS_SEQ">   --->   Core 7 'DivnS_SEQ' <Latency = 51> <II = 48> <Delay = 4.55> <FuncUnit> <Opcode : 'sdiv' 'srem' 'udiv' 'urem'> <InPorts = 2> <OutPorts = 1>

State 29 <SV = 28> <Delay = 4.55>
ST_29 : Operation 85 [24/52] (4.55ns)   --->   "%out_res = udiv i48 %trunc_ln150, i48 %zext_ln154" [C:/Vitis_Libraries/vision/L1/include\imgproc/xf_resize_up_area.hpp:154]   --->   Operation 85 'udiv' 'out_res' <Predicate = true> <Delay = 4.55> <CoreInst = "DivnS_SEQ">   --->   Core 7 'DivnS_SEQ' <Latency = 51> <II = 48> <Delay = 4.55> <FuncUnit> <Opcode : 'sdiv' 'srem' 'udiv' 'urem'> <InPorts = 2> <OutPorts = 1>

State 30 <SV = 29> <Delay = 4.55>
ST_30 : Operation 86 [23/52] (4.55ns)   --->   "%out_res = udiv i48 %trunc_ln150, i48 %zext_ln154" [C:/Vitis_Libraries/vision/L1/include\imgproc/xf_resize_up_area.hpp:154]   --->   Operation 86 'udiv' 'out_res' <Predicate = true> <Delay = 4.55> <CoreInst = "DivnS_SEQ">   --->   Core 7 'DivnS_SEQ' <Latency = 51> <II = 48> <Delay = 4.55> <FuncUnit> <Opcode : 'sdiv' 'srem' 'udiv' 'urem'> <InPorts = 2> <OutPorts = 1>

State 31 <SV = 30> <Delay = 4.55>
ST_31 : Operation 87 [22/52] (4.55ns)   --->   "%out_res = udiv i48 %trunc_ln150, i48 %zext_ln154" [C:/Vitis_Libraries/vision/L1/include\imgproc/xf_resize_up_area.hpp:154]   --->   Operation 87 'udiv' 'out_res' <Predicate = true> <Delay = 4.55> <CoreInst = "DivnS_SEQ">   --->   Core 7 'DivnS_SEQ' <Latency = 51> <II = 48> <Delay = 4.55> <FuncUnit> <Opcode : 'sdiv' 'srem' 'udiv' 'urem'> <InPorts = 2> <OutPorts = 1>

State 32 <SV = 31> <Delay = 4.55>
ST_32 : Operation 88 [21/52] (4.55ns)   --->   "%out_res = udiv i48 %trunc_ln150, i48 %zext_ln154" [C:/Vitis_Libraries/vision/L1/include\imgproc/xf_resize_up_area.hpp:154]   --->   Operation 88 'udiv' 'out_res' <Predicate = true> <Delay = 4.55> <CoreInst = "DivnS_SEQ">   --->   Core 7 'DivnS_SEQ' <Latency = 51> <II = 48> <Delay = 4.55> <FuncUnit> <Opcode : 'sdiv' 'srem' 'udiv' 'urem'> <InPorts = 2> <OutPorts = 1>

State 33 <SV = 32> <Delay = 4.55>
ST_33 : Operation 89 [20/52] (4.55ns)   --->   "%out_res = udiv i48 %trunc_ln150, i48 %zext_ln154" [C:/Vitis_Libraries/vision/L1/include\imgproc/xf_resize_up_area.hpp:154]   --->   Operation 89 'udiv' 'out_res' <Predicate = true> <Delay = 4.55> <CoreInst = "DivnS_SEQ">   --->   Core 7 'DivnS_SEQ' <Latency = 51> <II = 48> <Delay = 4.55> <FuncUnit> <Opcode : 'sdiv' 'srem' 'udiv' 'urem'> <InPorts = 2> <OutPorts = 1>

State 34 <SV = 33> <Delay = 4.55>
ST_34 : Operation 90 [19/52] (4.55ns)   --->   "%out_res = udiv i48 %trunc_ln150, i48 %zext_ln154" [C:/Vitis_Libraries/vision/L1/include\imgproc/xf_resize_up_area.hpp:154]   --->   Operation 90 'udiv' 'out_res' <Predicate = true> <Delay = 4.55> <CoreInst = "DivnS_SEQ">   --->   Core 7 'DivnS_SEQ' <Latency = 51> <II = 48> <Delay = 4.55> <FuncUnit> <Opcode : 'sdiv' 'srem' 'udiv' 'urem'> <InPorts = 2> <OutPorts = 1>

State 35 <SV = 34> <Delay = 4.55>
ST_35 : Operation 91 [18/52] (4.55ns)   --->   "%out_res = udiv i48 %trunc_ln150, i48 %zext_ln154" [C:/Vitis_Libraries/vision/L1/include\imgproc/xf_resize_up_area.hpp:154]   --->   Operation 91 'udiv' 'out_res' <Predicate = true> <Delay = 4.55> <CoreInst = "DivnS_SEQ">   --->   Core 7 'DivnS_SEQ' <Latency = 51> <II = 48> <Delay = 4.55> <FuncUnit> <Opcode : 'sdiv' 'srem' 'udiv' 'urem'> <InPorts = 2> <OutPorts = 1>

State 36 <SV = 35> <Delay = 4.55>
ST_36 : Operation 92 [17/52] (4.55ns)   --->   "%out_res = udiv i48 %trunc_ln150, i48 %zext_ln154" [C:/Vitis_Libraries/vision/L1/include\imgproc/xf_resize_up_area.hpp:154]   --->   Operation 92 'udiv' 'out_res' <Predicate = true> <Delay = 4.55> <CoreInst = "DivnS_SEQ">   --->   Core 7 'DivnS_SEQ' <Latency = 51> <II = 48> <Delay = 4.55> <FuncUnit> <Opcode : 'sdiv' 'srem' 'udiv' 'urem'> <InPorts = 2> <OutPorts = 1>

State 37 <SV = 36> <Delay = 4.55>
ST_37 : Operation 93 [16/52] (4.55ns)   --->   "%out_res = udiv i48 %trunc_ln150, i48 %zext_ln154" [C:/Vitis_Libraries/vision/L1/include\imgproc/xf_resize_up_area.hpp:154]   --->   Operation 93 'udiv' 'out_res' <Predicate = true> <Delay = 4.55> <CoreInst = "DivnS_SEQ">   --->   Core 7 'DivnS_SEQ' <Latency = 51> <II = 48> <Delay = 4.55> <FuncUnit> <Opcode : 'sdiv' 'srem' 'udiv' 'urem'> <InPorts = 2> <OutPorts = 1>

State 38 <SV = 37> <Delay = 4.55>
ST_38 : Operation 94 [15/52] (4.55ns)   --->   "%out_res = udiv i48 %trunc_ln150, i48 %zext_ln154" [C:/Vitis_Libraries/vision/L1/include\imgproc/xf_resize_up_area.hpp:154]   --->   Operation 94 'udiv' 'out_res' <Predicate = true> <Delay = 4.55> <CoreInst = "DivnS_SEQ">   --->   Core 7 'DivnS_SEQ' <Latency = 51> <II = 48> <Delay = 4.55> <FuncUnit> <Opcode : 'sdiv' 'srem' 'udiv' 'urem'> <InPorts = 2> <OutPorts = 1>

State 39 <SV = 38> <Delay = 4.55>
ST_39 : Operation 95 [14/52] (4.55ns)   --->   "%out_res = udiv i48 %trunc_ln150, i48 %zext_ln154" [C:/Vitis_Libraries/vision/L1/include\imgproc/xf_resize_up_area.hpp:154]   --->   Operation 95 'udiv' 'out_res' <Predicate = true> <Delay = 4.55> <CoreInst = "DivnS_SEQ">   --->   Core 7 'DivnS_SEQ' <Latency = 51> <II = 48> <Delay = 4.55> <FuncUnit> <Opcode : 'sdiv' 'srem' 'udiv' 'urem'> <InPorts = 2> <OutPorts = 1>

State 40 <SV = 39> <Delay = 4.55>
ST_40 : Operation 96 [13/52] (4.55ns)   --->   "%out_res = udiv i48 %trunc_ln150, i48 %zext_ln154" [C:/Vitis_Libraries/vision/L1/include\imgproc/xf_resize_up_area.hpp:154]   --->   Operation 96 'udiv' 'out_res' <Predicate = true> <Delay = 4.55> <CoreInst = "DivnS_SEQ">   --->   Core 7 'DivnS_SEQ' <Latency = 51> <II = 48> <Delay = 4.55> <FuncUnit> <Opcode : 'sdiv' 'srem' 'udiv' 'urem'> <InPorts = 2> <OutPorts = 1>

State 41 <SV = 40> <Delay = 4.55>
ST_41 : Operation 97 [12/52] (4.55ns)   --->   "%out_res = udiv i48 %trunc_ln150, i48 %zext_ln154" [C:/Vitis_Libraries/vision/L1/include\imgproc/xf_resize_up_area.hpp:154]   --->   Operation 97 'udiv' 'out_res' <Predicate = true> <Delay = 4.55> <CoreInst = "DivnS_SEQ">   --->   Core 7 'DivnS_SEQ' <Latency = 51> <II = 48> <Delay = 4.55> <FuncUnit> <Opcode : 'sdiv' 'srem' 'udiv' 'urem'> <InPorts = 2> <OutPorts = 1>

State 42 <SV = 41> <Delay = 4.55>
ST_42 : Operation 98 [11/52] (4.55ns)   --->   "%out_res = udiv i48 %trunc_ln150, i48 %zext_ln154" [C:/Vitis_Libraries/vision/L1/include\imgproc/xf_resize_up_area.hpp:154]   --->   Operation 98 'udiv' 'out_res' <Predicate = true> <Delay = 4.55> <CoreInst = "DivnS_SEQ">   --->   Core 7 'DivnS_SEQ' <Latency = 51> <II = 48> <Delay = 4.55> <FuncUnit> <Opcode : 'sdiv' 'srem' 'udiv' 'urem'> <InPorts = 2> <OutPorts = 1>

State 43 <SV = 42> <Delay = 4.55>
ST_43 : Operation 99 [10/52] (4.55ns)   --->   "%out_res = udiv i48 %trunc_ln150, i48 %zext_ln154" [C:/Vitis_Libraries/vision/L1/include\imgproc/xf_resize_up_area.hpp:154]   --->   Operation 99 'udiv' 'out_res' <Predicate = true> <Delay = 4.55> <CoreInst = "DivnS_SEQ">   --->   Core 7 'DivnS_SEQ' <Latency = 51> <II = 48> <Delay = 4.55> <FuncUnit> <Opcode : 'sdiv' 'srem' 'udiv' 'urem'> <InPorts = 2> <OutPorts = 1>

State 44 <SV = 43> <Delay = 4.55>
ST_44 : Operation 100 [9/52] (4.55ns)   --->   "%out_res = udiv i48 %trunc_ln150, i48 %zext_ln154" [C:/Vitis_Libraries/vision/L1/include\imgproc/xf_resize_up_area.hpp:154]   --->   Operation 100 'udiv' 'out_res' <Predicate = true> <Delay = 4.55> <CoreInst = "DivnS_SEQ">   --->   Core 7 'DivnS_SEQ' <Latency = 51> <II = 48> <Delay = 4.55> <FuncUnit> <Opcode : 'sdiv' 'srem' 'udiv' 'urem'> <InPorts = 2> <OutPorts = 1>

State 45 <SV = 44> <Delay = 4.55>
ST_45 : Operation 101 [8/52] (4.55ns)   --->   "%out_res = udiv i48 %trunc_ln150, i48 %zext_ln154" [C:/Vitis_Libraries/vision/L1/include\imgproc/xf_resize_up_area.hpp:154]   --->   Operation 101 'udiv' 'out_res' <Predicate = true> <Delay = 4.55> <CoreInst = "DivnS_SEQ">   --->   Core 7 'DivnS_SEQ' <Latency = 51> <II = 48> <Delay = 4.55> <FuncUnit> <Opcode : 'sdiv' 'srem' 'udiv' 'urem'> <InPorts = 2> <OutPorts = 1>

State 46 <SV = 45> <Delay = 4.55>
ST_46 : Operation 102 [7/52] (4.55ns)   --->   "%out_res = udiv i48 %trunc_ln150, i48 %zext_ln154" [C:/Vitis_Libraries/vision/L1/include\imgproc/xf_resize_up_area.hpp:154]   --->   Operation 102 'udiv' 'out_res' <Predicate = true> <Delay = 4.55> <CoreInst = "DivnS_SEQ">   --->   Core 7 'DivnS_SEQ' <Latency = 51> <II = 48> <Delay = 4.55> <FuncUnit> <Opcode : 'sdiv' 'srem' 'udiv' 'urem'> <InPorts = 2> <OutPorts = 1>

State 47 <SV = 46> <Delay = 4.55>
ST_47 : Operation 103 [6/52] (4.55ns)   --->   "%out_res = udiv i48 %trunc_ln150, i48 %zext_ln154" [C:/Vitis_Libraries/vision/L1/include\imgproc/xf_resize_up_area.hpp:154]   --->   Operation 103 'udiv' 'out_res' <Predicate = true> <Delay = 4.55> <CoreInst = "DivnS_SEQ">   --->   Core 7 'DivnS_SEQ' <Latency = 51> <II = 48> <Delay = 4.55> <FuncUnit> <Opcode : 'sdiv' 'srem' 'udiv' 'urem'> <InPorts = 2> <OutPorts = 1>

State 48 <SV = 47> <Delay = 4.55>
ST_48 : Operation 104 [5/52] (4.55ns)   --->   "%out_res = udiv i48 %trunc_ln150, i48 %zext_ln154" [C:/Vitis_Libraries/vision/L1/include\imgproc/xf_resize_up_area.hpp:154]   --->   Operation 104 'udiv' 'out_res' <Predicate = true> <Delay = 4.55> <CoreInst = "DivnS_SEQ">   --->   Core 7 'DivnS_SEQ' <Latency = 51> <II = 48> <Delay = 4.55> <FuncUnit> <Opcode : 'sdiv' 'srem' 'udiv' 'urem'> <InPorts = 2> <OutPorts = 1>

State 49 <SV = 48> <Delay = 4.55>
ST_49 : Operation 105 [4/52] (4.55ns)   --->   "%out_res = udiv i48 %trunc_ln150, i48 %zext_ln154" [C:/Vitis_Libraries/vision/L1/include\imgproc/xf_resize_up_area.hpp:154]   --->   Operation 105 'udiv' 'out_res' <Predicate = true> <Delay = 4.55> <CoreInst = "DivnS_SEQ">   --->   Core 7 'DivnS_SEQ' <Latency = 51> <II = 48> <Delay = 4.55> <FuncUnit> <Opcode : 'sdiv' 'srem' 'udiv' 'urem'> <InPorts = 2> <OutPorts = 1>

State 50 <SV = 49> <Delay = 4.55>
ST_50 : Operation 106 [3/52] (4.55ns)   --->   "%out_res = udiv i48 %trunc_ln150, i48 %zext_ln154" [C:/Vitis_Libraries/vision/L1/include\imgproc/xf_resize_up_area.hpp:154]   --->   Operation 106 'udiv' 'out_res' <Predicate = true> <Delay = 4.55> <CoreInst = "DivnS_SEQ">   --->   Core 7 'DivnS_SEQ' <Latency = 51> <II = 48> <Delay = 4.55> <FuncUnit> <Opcode : 'sdiv' 'srem' 'udiv' 'urem'> <InPorts = 2> <OutPorts = 1>

State 51 <SV = 50> <Delay = 4.55>
ST_51 : Operation 107 [2/52] (4.55ns)   --->   "%out_res = udiv i48 %trunc_ln150, i48 %zext_ln154" [C:/Vitis_Libraries/vision/L1/include\imgproc/xf_resize_up_area.hpp:154]   --->   Operation 107 'udiv' 'out_res' <Predicate = true> <Delay = 4.55> <CoreInst = "DivnS_SEQ">   --->   Core 7 'DivnS_SEQ' <Latency = 51> <II = 48> <Delay = 4.55> <FuncUnit> <Opcode : 'sdiv' 'srem' 'udiv' 'urem'> <InPorts = 2> <OutPorts = 1>

State 52 <SV = 51> <Delay = 4.55>
ST_52 : Operation 108 [1/52] (4.55ns)   --->   "%out_res = udiv i48 %trunc_ln150, i48 %zext_ln154" [C:/Vitis_Libraries/vision/L1/include\imgproc/xf_resize_up_area.hpp:154]   --->   Operation 108 'udiv' 'out_res' <Predicate = true> <Delay = 4.55> <CoreInst = "DivnS_SEQ">   --->   Core 7 'DivnS_SEQ' <Latency = 51> <II = 48> <Delay = 4.55> <FuncUnit> <Opcode : 'sdiv' 'srem' 'udiv' 'urem'> <InPorts = 2> <OutPorts = 1>
ST_52 : Operation 109 [1/1] (0.00ns)   --->   "%zext_ln154_1 = zext i48 %out_res" [C:/Vitis_Libraries/vision/L1/include\imgproc/xf_resize_up_area.hpp:154]   --->   Operation 109 'zext' 'zext_ln154_1' <Predicate = true> <Delay = 0.00>
ST_52 : Operation 110 [1/1] (0.00ns)   --->   "%ret_ln155 = ret i64 %zext_ln154_1" [C:/Vitis_Libraries/vision/L1/include\imgproc/xf_resize_up_area.hpp:155]   --->   Operation 110 'ret' 'ret_ln155' <Predicate = true> <Delay = 0.00>


============================================================
+ Verbose Summary: Timing violations
============================================================
Target clock period: 10ns, clock uncertainty: 2.7ns.

 <State 1>: 4.55ns
The critical path consists of the following:
	wire read on port 'in_d' [3]  (0 ns)
	'udiv' operation ('out_res', C:/Vitis_Libraries/vision/L1/include\imgproc/xf_resize_up_area.hpp:154) [7]  (4.55 ns)

 <State 2>: 4.55ns
The critical path consists of the following:
	'udiv' operation ('out_res', C:/Vitis_Libraries/vision/L1/include\imgproc/xf_resize_up_area.hpp:154) [7]  (4.55 ns)

 <State 3>: 4.55ns
The critical path consists of the following:
	'udiv' operation ('out_res', C:/Vitis_Libraries/vision/L1/include\imgproc/xf_resize_up_area.hpp:154) [7]  (4.55 ns)

 <State 4>: 4.55ns
The critical path consists of the following:
	'udiv' operation ('out_res', C:/Vitis_Libraries/vision/L1/include\imgproc/xf_resize_up_area.hpp:154) [7]  (4.55 ns)

 <State 5>: 4.55ns
The critical path consists of the following:
	'udiv' operation ('out_res', C:/Vitis_Libraries/vision/L1/include\imgproc/xf_resize_up_area.hpp:154) [7]  (4.55 ns)

 <State 6>: 4.55ns
The critical path consists of the following:
	'udiv' operation ('out_res', C:/Vitis_Libraries/vision/L1/include\imgproc/xf_resize_up_area.hpp:154) [7]  (4.55 ns)

 <State 7>: 4.55ns
The critical path consists of the following:
	'udiv' operation ('out_res', C:/Vitis_Libraries/vision/L1/include\imgproc/xf_resize_up_area.hpp:154) [7]  (4.55 ns)

 <State 8>: 4.55ns
The critical path consists of the following:
	'udiv' operation ('out_res', C:/Vitis_Libraries/vision/L1/include\imgproc/xf_resize_up_area.hpp:154) [7]  (4.55 ns)

 <State 9>: 4.55ns
The critical path consists of the following:
	'udiv' operation ('out_res', C:/Vitis_Libraries/vision/L1/include\imgproc/xf_resize_up_area.hpp:154) [7]  (4.55 ns)

 <State 10>: 4.55ns
The critical path consists of the following:
	'udiv' operation ('out_res', C:/Vitis_Libraries/vision/L1/include\imgproc/xf_resize_up_area.hpp:154) [7]  (4.55 ns)

 <State 11>: 4.55ns
The critical path consists of the following:
	'udiv' operation ('out_res', C:/Vitis_Libraries/vision/L1/include\imgproc/xf_resize_up_area.hpp:154) [7]  (4.55 ns)

 <State 12>: 4.55ns
The critical path consists of the following:
	'udiv' operation ('out_res', C:/Vitis_Libraries/vision/L1/include\imgproc/xf_resize_up_area.hpp:154) [7]  (4.55 ns)

 <State 13>: 4.55ns
The critical path consists of the following:
	'udiv' operation ('out_res', C:/Vitis_Libraries/vision/L1/include\imgproc/xf_resize_up_area.hpp:154) [7]  (4.55 ns)

 <State 14>: 4.55ns
The critical path consists of the following:
	'udiv' operation ('out_res', C:/Vitis_Libraries/vision/L1/include\imgproc/xf_resize_up_area.hpp:154) [7]  (4.55 ns)

 <State 15>: 4.55ns
The critical path consists of the following:
	'udiv' operation ('out_res', C:/Vitis_Libraries/vision/L1/include\imgproc/xf_resize_up_area.hpp:154) [7]  (4.55 ns)

 <State 16>: 4.55ns
The critical path consists of the following:
	'udiv' operation ('out_res', C:/Vitis_Libraries/vision/L1/include\imgproc/xf_resize_up_area.hpp:154) [7]  (4.55 ns)

 <State 17>: 4.55ns
The critical path consists of the following:
	'udiv' operation ('out_res', C:/Vitis_Libraries/vision/L1/include\imgproc/xf_resize_up_area.hpp:154) [7]  (4.55 ns)

 <State 18>: 4.55ns
The critical path consists of the following:
	'udiv' operation ('out_res', C:/Vitis_Libraries/vision/L1/include\imgproc/xf_resize_up_area.hpp:154) [7]  (4.55 ns)

 <State 19>: 4.55ns
The critical path consists of the following:
	'udiv' operation ('out_res', C:/Vitis_Libraries/vision/L1/include\imgproc/xf_resize_up_area.hpp:154) [7]  (4.55 ns)

 <State 20>: 4.55ns
The critical path consists of the following:
	'udiv' operation ('out_res', C:/Vitis_Libraries/vision/L1/include\imgproc/xf_resize_up_area.hpp:154) [7]  (4.55 ns)

 <State 21>: 4.55ns
The critical path consists of the following:
	'udiv' operation ('out_res', C:/Vitis_Libraries/vision/L1/include\imgproc/xf_resize_up_area.hpp:154) [7]  (4.55 ns)

 <State 22>: 4.55ns
The critical path consists of the following:
	'udiv' operation ('out_res', C:/Vitis_Libraries/vision/L1/include\imgproc/xf_resize_up_area.hpp:154) [7]  (4.55 ns)

 <State 23>: 4.55ns
The critical path consists of the following:
	'udiv' operation ('out_res', C:/Vitis_Libraries/vision/L1/include\imgproc/xf_resize_up_area.hpp:154) [7]  (4.55 ns)

 <State 24>: 4.55ns
The critical path consists of the following:
	'udiv' operation ('out_res', C:/Vitis_Libraries/vision/L1/include\imgproc/xf_resize_up_area.hpp:154) [7]  (4.55 ns)

 <State 25>: 4.55ns
The critical path consists of the following:
	'udiv' operation ('out_res', C:/Vitis_Libraries/vision/L1/include\imgproc/xf_resize_up_area.hpp:154) [7]  (4.55 ns)

 <State 26>: 4.55ns
The critical path consists of the following:
	'udiv' operation ('out_res', C:/Vitis_Libraries/vision/L1/include\imgproc/xf_resize_up_area.hpp:154) [7]  (4.55 ns)

 <State 27>: 4.55ns
The critical path consists of the following:
	'udiv' operation ('out_res', C:/Vitis_Libraries/vision/L1/include\imgproc/xf_resize_up_area.hpp:154) [7]  (4.55 ns)

 <State 28>: 4.55ns
The critical path consists of the following:
	'udiv' operation ('out_res', C:/Vitis_Libraries/vision/L1/include\imgproc/xf_resize_up_area.hpp:154) [7]  (4.55 ns)

 <State 29>: 4.55ns
The critical path consists of the following:
	'udiv' operation ('out_res', C:/Vitis_Libraries/vision/L1/include\imgproc/xf_resize_up_area.hpp:154) [7]  (4.55 ns)

 <State 30>: 4.55ns
The critical path consists of the following:
	'udiv' operation ('out_res', C:/Vitis_Libraries/vision/L1/include\imgproc/xf_resize_up_area.hpp:154) [7]  (4.55 ns)

 <State 31>: 4.55ns
The critical path consists of the following:
	'udiv' operation ('out_res', C:/Vitis_Libraries/vision/L1/include\imgproc/xf_resize_up_area.hpp:154) [7]  (4.55 ns)

 <State 32>: 4.55ns
The critical path consists of the following:
	'udiv' operation ('out_res', C:/Vitis_Libraries/vision/L1/include\imgproc/xf_resize_up_area.hpp:154) [7]  (4.55 ns)

 <State 33>: 4.55ns
The critical path consists of the following:
	'udiv' operation ('out_res', C:/Vitis_Libraries/vision/L1/include\imgproc/xf_resize_up_area.hpp:154) [7]  (4.55 ns)

 <State 34>: 4.55ns
The critical path consists of the following:
	'udiv' operation ('out_res', C:/Vitis_Libraries/vision/L1/include\imgproc/xf_resize_up_area.hpp:154) [7]  (4.55 ns)

 <State 35>: 4.55ns
The critical path consists of the following:
	'udiv' operation ('out_res', C:/Vitis_Libraries/vision/L1/include\imgproc/xf_resize_up_area.hpp:154) [7]  (4.55 ns)

 <State 36>: 4.55ns
The critical path consists of the following:
	'udiv' operation ('out_res', C:/Vitis_Libraries/vision/L1/include\imgproc/xf_resize_up_area.hpp:154) [7]  (4.55 ns)

 <State 37>: 4.55ns
The critical path consists of the following:
	'udiv' operation ('out_res', C:/Vitis_Libraries/vision/L1/include\imgproc/xf_resize_up_area.hpp:154) [7]  (4.55 ns)

 <State 38>: 4.55ns
The critical path consists of the following:
	'udiv' operation ('out_res', C:/Vitis_Libraries/vision/L1/include\imgproc/xf_resize_up_area.hpp:154) [7]  (4.55 ns)

 <State 39>: 4.55ns
The critical path consists of the following:
	'udiv' operation ('out_res', C:/Vitis_Libraries/vision/L1/include\imgproc/xf_resize_up_area.hpp:154) [7]  (4.55 ns)

 <State 40>: 4.55ns
The critical path consists of the following:
	'udiv' operation ('out_res', C:/Vitis_Libraries/vision/L1/include\imgproc/xf_resize_up_area.hpp:154) [7]  (4.55 ns)

 <State 41>: 4.55ns
The critical path consists of the following:
	'udiv' operation ('out_res', C:/Vitis_Libraries/vision/L1/include\imgproc/xf_resize_up_area.hpp:154) [7]  (4.55 ns)

 <State 42>: 4.55ns
The critical path consists of the following:
	'udiv' operation ('out_res', C:/Vitis_Libraries/vision/L1/include\imgproc/xf_resize_up_area.hpp:154) [7]  (4.55 ns)

 <State 43>: 4.55ns
The critical path consists of the following:
	'udiv' operation ('out_res', C:/Vitis_Libraries/vision/L1/include\imgproc/xf_resize_up_area.hpp:154) [7]  (4.55 ns)

 <State 44>: 4.55ns
The critical path consists of the following:
	'udiv' operation ('out_res', C:/Vitis_Libraries/vision/L1/include\imgproc/xf_resize_up_area.hpp:154) [7]  (4.55 ns)

 <State 45>: 4.55ns
The critical path consists of the following:
	'udiv' operation ('out_res', C:/Vitis_Libraries/vision/L1/include\imgproc/xf_resize_up_area.hpp:154) [7]  (4.55 ns)

 <State 46>: 4.55ns
The critical path consists of the following:
	'udiv' operation ('out_res', C:/Vitis_Libraries/vision/L1/include\imgproc/xf_resize_up_area.hpp:154) [7]  (4.55 ns)

 <State 47>: 4.55ns
The critical path consists of the following:
	'udiv' operation ('out_res', C:/Vitis_Libraries/vision/L1/include\imgproc/xf_resize_up_area.hpp:154) [7]  (4.55 ns)

 <State 48>: 4.55ns
The critical path consists of the following:
	'udiv' operation ('out_res', C:/Vitis_Libraries/vision/L1/include\imgproc/xf_resize_up_area.hpp:154) [7]  (4.55 ns)

 <State 49>: 4.55ns
The critical path consists of the following:
	'udiv' operation ('out_res', C:/Vitis_Libraries/vision/L1/include\imgproc/xf_resize_up_area.hpp:154) [7]  (4.55 ns)

 <State 50>: 4.55ns
The critical path consists of the following:
	'udiv' operation ('out_res', C:/Vitis_Libraries/vision/L1/include\imgproc/xf_resize_up_area.hpp:154) [7]  (4.55 ns)

 <State 51>: 4.55ns
The critical path consists of the following:
	'udiv' operation ('out_res', C:/Vitis_Libraries/vision/L1/include\imgproc/xf_resize_up_area.hpp:154) [7]  (4.55 ns)

 <State 52>: 4.55ns
The critical path consists of the following:
	'udiv' operation ('out_res', C:/Vitis_Libraries/vision/L1/include\imgproc/xf_resize_up_area.hpp:154) [7]  (4.55 ns)


============================================================
+ Verbose Summary: Binding
============================================================
N/A
* FSMD analyzer results:
  - Output states:
 - Input state : 
  - Chain level:
	State 1
	State 2
	State 3
	State 4
	State 5
	State 6
	State 7
	State 8
	State 9
	State 10
	State 11
	State 12
	State 13
	State 14
	State 15
	State 16
	State 17
	State 18
	State 19
	State 20
	State 21
	State 22
	State 23
	State 24
	State 25
	State 26
	State 27
	State 28
	State 29
	State 30
	State 31
	State 32
	State 33
	State 34
	State 35
	State 36
	State 37
	State 38
	State 39
	State 40
	State 41
	State 42
	State 43
	State 44
	State 45
	State 46
	State 47
	State 48
	State 49
	State 50
	State 51
	State 52


============================================================
+ Verbose Summary: Datapath Resource usage 
============================================================
N/A
